// Jest Snapshot v1, https://goo.gl/fbAQLP

exports[`<Band /> renders correctly 1`] = `
<li>
  Sinatra and the Railers
  <br />
  <button
    onClick={[Function]}
  >
    Delete
  </button>
</li>
`;
